2026-01-19 02:16:22.998 [INFO] M4_Activity7.BankAccount - === STARTING Deposit TEST ===
2026-01-19 02:16:23.001 [INFO] M4_Activity7.BankAccount - DEPOSIT AMOUNT REQUESTED: 5000.0 
2026-01-19 02:16:23.001 [INFO] M4_Activity7.BankAccount - DEPOSIT COMPLETE: 5000.0, New Balance: 15000.0
2026-01-19 02:16:23.002 [INFO] M4_Activity7.BankAccount - === STARTING Withdrawal TEST ===
2026-01-19 02:16:23.002 [INFO] M4_Activity7.BankAccount - WITHDRAW AMOUNT REQUESTED: 3000.0 
2026-01-19 02:16:23.002 [INFO] M4_Activity7.BankAccount - WITHDRAW COMPLETE: 3000.0, New Balance: 12000.0
2026-01-19 02:16:23.002 [INFO] M4_Activity7.BankAccount - === STARTING Deposit TEST ===
2026-01-19 02:16:23.002 [INFO] M4_Activity7.BankAccount - DEPOSIT AMOUNT REQUESTED: -500.0 
2026-01-19 02:16:23.002 [ERROR] M4_Activity7.BankAccount - INVALID DEPOSIT AMOUNT: -500.0 
2026-01-19 02:16:23.002 [ERROR] M4_Activity7.BankAccount - failed Amount cannot be negative or equal to 0
M4_Activity7.InvalidAmountException: Amount cannot be negative or equal to 0
	at M4_Activity7.BankAccount.deposit(BankAccount.java:36)
	at M4_Activity7.BankAccount.lambda$main$2(BankAccount.java:64)
	at M4_Activity7.BankAccount.runTest(BankAccount.java:53)
	at M4_Activity7.BankAccount.main(BankAccount.java:64)
2026-01-19 02:16:23.005 [INFO] M4_Activity7.BankAccount - === STARTING Withdrawal TEST ===
2026-01-19 02:16:23.005 [INFO] M4_Activity7.BankAccount - WITHDRAW AMOUNT REQUESTED: 20000.0 
2026-01-19 02:16:23.005 [WARN] M4_Activity7.BankAccount - INVALID AMOUNT: 20000.0 
2026-01-19 02:16:23.005 [ERROR] M4_Activity7.BankAccount - failed Not enough balance
M4_Activity7.InsufficientFundsException: Not enough balance
	at M4_Activity7.BankAccount.withdraw(BankAccount.java:22)
	at M4_Activity7.BankAccount.lambda$main$3(BankAccount.java:65)
	at M4_Activity7.BankAccount.runTest(BankAccount.java:53)
	at M4_Activity7.BankAccount.main(BankAccount.java:65)
2026-01-19 02:16:23.006 [INFO] M4_Activity7.BankAccount - === STARTING Deposit TEST ===
2026-01-19 02:16:23.006 [INFO] M4_Activity7.BankAccount - DEPOSIT AMOUNT REQUESTED: 60000.0 
2026-01-19 02:16:23.006 [WARN] M4_Activity7.BankAccount - AMOUNT DEPOSITED IS GREATER THAN 50000
2026-01-19 02:16:23.006 [INFO] M4_Activity7.BankAccount - DEPOSIT COMPLETE: 60000.0, New Balance: 72000.0
